0.000,0.001,0.132,HISTFAAAACp42pNpmSzMwMDAwwABzFCaEcL7/9/+A0SAn4mZSZBpJQfT9nImAI3SBpM=
0.001,0.001,0.001,HISTFAAAACJ42pNpmSzMwMDAzgABzFCaEUoz2X+AsXiZpvIwAQBO1QM3
0.002,0.001,0.000,HISTFAAAABx42pNpmSzMwMDAyAABzFAaxmey/wBlAQA8yQJ9
0.003,0.001,0.000,HISTFAAAABx42pNpmSzMwMDAyAABzFAaxmey/wBlAAA8ywJ/
0.004,0.001,0.000,HISTFAAAABx42pNpmSzMwMDAxAABzFCaEUoz2X+AsQA/awKA
